<html>
<body>
<pre>
<h1>µVision Build Log</h1>
<h2>Tool Versions:</h2>
IDE-Version: ¦ÌVision V5.26.2.0
Copyright (C) 2018 ARM Ltd and ARM Germany GmbH. All rights reserved.
License Information: cfh cfh, cfh, LIC=NQQNN-YZ5RW-01XP1-CU35U-PD1AB-7PKEL
 
Tool Versions:
Toolchain:       MDK-ARM Plus  Version: 5.26.2.0
Toolchain Path:  D:\Program Files\Keil_v5\ARM\ARMCLANG\Bin
C Compiler:      ArmClang.exe V6.10.1
Assembler:       Armasm.exe V6.10.1
Linker/Locator:  ArmLink.exe V6.10.1
Library Manager: ArmAr.exe V6.10.1
Hex Converter:   FromElf.exe V6.10.1
CPU DLL:         SARMCM3.DLL V5.26.2.0
Dialog DLL:      DCM.DLL V1.17.2.0
Target DLL:      Segger\JL2CM3.dll V2.99.31.0
Dialog DLL:      TCM.DLL V1.36.1.0
 
<h2>Project:</h2>
D:\dev\H7PI_MultiBootloader\h7pi_boot\MDK-ARM\H7PI_MultiBootloader.uvprojx
Project File Date:  11/06/2019

<h2>Output:</h2>
*** Using Compiler 'V6.10.1', folder: 'D:\Program Files\Keil_v5\ARM\ARMCLANG\Bin'
Build target 'H7PI_MultiBootloader'
assembling startup_stm32h750xx.s...
compiling debug.c...
compiling crc.c...
compiling gpio.c...
compiling spi.c...
compiling stm32h7xx_it.c...
compiling system_stm32h7xx.c...
compiling sdmmc.c...
compiling main.c...
compiling dma.c...
compiling stm32h7xx_hal_msp.c...
compiling quadspi.c...
compiling stm32h7xx_hal_pcd.c...
compiling stm32h7xx_hal_pcd_ex.c...
compiling stm32h7xx_hal_crc_ex.c...
compiling stm32h7xx_ll_delayblock.c...
compiling stm32h7xx_hal_cortex.c...
compiling stm32h7xx_hal_crc.c...
compiling stm32h7xx_hal_sd_ex.c...
compiling stm32h7xx_ll_sdmmc.c...
compiling stm32h7xx_hal_qspi.c...
compiling stm32h7xx_ll_usb.c...
compiling stm32h7xx_hal_tim.c...
compiling stm32h7xx_hal_spi_ex.c...
compiling stm32h7xx_hal_sd.c...
compiling stm32h7xx_hal_spi.c...
compiling stm32h7xx_hal_tim_ex.c...
compiling stm32h7xx_hal_flash.c...
compiling stm32h7xx_hal_flash_ex.c...
compiling stm32h7xx_hal_rcc.c...
compiling stm32h7xx_hal_rcc_ex.c...
compiling stm32h7xx_hal_hsem.c...
compiling stm32h7xx_hal_gpio.c...
compiling stm32h7xx_hal_pwr.c...
compiling stm32h7xx_hal_dma_ex.c...
compiling stm32h7xx_hal_pwr_ex.c...
compiling stm32h7xx_hal.c...
compiling stm32h7xx_hal_mdma.c...
compiling stm32h7xx_hal_dma.c...
compiling stm32h7xx_hal_i2c_ex.c...
compiling led.c...
compiling stm32h7xx_hal_exti.c...
compiling spiflash.c...
compiling qspiflash.c...
compiling diskio.c...
compiling ff_gen_drv.c...
compiling syscall.c...
compiling bootloader.c...
compiling ccsbcs.c...
compiling bsp_driver_sd.c...
compiling fatfs_platform.c...
compiling sd_diskio.c...
compiling user_diskio.c...
compiling stm32h7xx_hal_i2c.c...
compiling cJSON.c...
compiling fatfs.c...
compiling usbd_storage_if.c...
compiling usbd_desc.c...
compiling usb_device.c...
compiling usbd_core.c...
compiling usbd_ctlreq.c...
compiling usbd_ioreq.c...
compiling usbd_conf.c...
compiling usbd_msc.c...
compiling usbd_msc_bot.c...
compiling usbd_msc_data.c...
compiling usbd_msc_scsi.c...
compiling ff.c...
linking...
Program Size: Code=89872 RO-data=3784 RW-data=340 ZI-data=150548  
FromELF: creating hex file...
".\H7PI_MultiBootloader.axf" - 0 Error(s), 0 Warning(s).

<h2>Software Packages used:</h2>

Package Vendor: ARM
                http://www.keil.com/pack/ARM.CMSIS.5.6.0.pack
                ARM.CMSIS.5.6.0
                CMSIS (Cortex Microcontroller Software Interface Standard)
   * Component: CORE Version: 5.3.0

Package Vendor: Keil
                https://www.keil.com/pack/Keil.STM32H7xx_DFP.2.3.1.pack
                Keil.STM32H7xx_DFP.2.3.1
                STMicroelectronics STM32H7 Series Device Support and Examples

<h2>Collection of Component include folders:</h2>
  .\RTE\_H7PI_MultiBootloader
  D:\Program Files\Keil_v5\ARM\PACK\ARM\CMSIS\5.6.0\CMSIS\Core\Include
  D:\Program Files\Keil_v5\ARM\PACK\Keil\STM32H7xx_DFP\2.3.1\Drivers\CMSIS\Device\ST\STM32H7xx\Include

<h2>Collection of Component Files used:</h2>

   * Component: ARM::CMSIS:CORE:5.3.0
Build Time Elapsed:  00:00:11
</pre>
</body>
</html>
